RAM Allocation [bytes]
Variable                                                                          Address   Size
------------------------------------------------------------------------------------------------
s2                                                                                0x026E       2
s3                                                                                0x0270       2
s4                                                                                0x0272       2
s5                                                                                0x0274       2
s6                                                                                0x0276       2
_base_y                                                                           0x0278       4
_lcd_y                                                                            0x027C       1
_lcd_maxx                                                                         0x027D       1
_seed                                                                             0x027E       4

EEPROM Allocation [bytes]
Variable                                                                          Address   Size
------------------------------------------------------------------------------------------------

Register Allocation
Variable                                                                          Register  Size
------------------------------------------------------------------------------------------------
_hour                                                                             R5           1
_min                                                                              R4           1
_sec                                                                              R7           1
week_day                                                                          R6           1
_day                                                                              R9           1
_month                                                                            R8           1
_year                                                                             R11          1
s1                                                                                R12,R13      2
_lcd_x                                                                            R10          1

FLASH Allocation [words]
Function                                                                          Address   Size
------------------------------------------------------------------------------------------------
main                                                                              0x0007C    167
rtc_init                                                                          0x00123     25
rtc_get_time                                                                      0x0013C     25
rtc_get_date                                                                      0x00155     27
_lcd_write_nibble_G101                                                            0x00170     20
_lcd_write_data                                                                   0x00184     12
lcd_gotoxy                                                                        0x00190     15
lcd_clear                                                                         0x0019F     13
lcd_putchar                                                                       0x001AC     26
lcd_puts                                                                          0x001C6     15
lcd_putsf                                                                         0x001D5     19
lcd_init                                                                          0x001E8     47
itoa                                                                              0x00217     46
bcd2bin                                                                           0x00245     13
