RAM Allocation [bytes]
Variable                                                                          Address   Size
------------------------------------------------------------------------------------------------
_base_y                                                                           0x0270       4
_lcd_maxx                                                                         0x0274       1

EEPROM Allocation [bytes]
Variable                                                                          Address   Size
------------------------------------------------------------------------------------------------

Register Allocation
Variable                                                                          Register  Size
------------------------------------------------------------------------------------------------
my_hour                                                                           R4,R5        2
my_minute                                                                         R6,R7        2
my_second                                                                         R8,R9        2
my_ms                                                                             R10,R11      2
_lcd_x                                                                            R13          1
_lcd_y                                                                            R12          1

FLASH Allocation [words]
Function                                                                          Address   Size
------------------------------------------------------------------------------------------------
int_to_char_custom                                                                0x00075      5
display_on_lcd                                                                    0x0007A     41
timer1_compa_isr_custom                                                           0x000A3     49
main                                                                              0x000D4     74
_lcd_write_nibble_G100                                                            0x0011E     20
_lcd_write_data                                                                   0x00132     12
lcd_gotoxy                                                                        0x0013E     13
lcd_clear                                                                         0x0014B     10
lcd_putchar                                                                       0x00155     23
lcd_puts                                                                          0x0016C     17
lcd_init                                                                          0x0017D     44
